2025-12-20 12:00:15.449 [info] [main] Log level: Info
2025-12-20 12:00:15.449 [info] [main] Validating found git in: "git"
2025-12-20 12:00:15.449 [info] [main] Using git "2.52.0" from "git"
2025-12-20 12:00:15.449 [info] [Model][doInitialScan] Initial repository scan started
2025-12-20 12:00:15.449 [info] > git rev-parse --show-toplevel [4ms]
2025-12-20 12:00:15.449 [info] fatal: not a git repository (or any parent up to mount point /)
Stopping at filesystem boundary (GIT_DISCOVERY_ACROSS_FILESYSTEM not set).
2025-12-20 12:00:15.449 [info] > git rev-parse --show-toplevel [4ms]
2025-12-20 12:00:15.449 [info] fatal: not a git repository (or any parent up to mount point /)
Stopping at filesystem boundary (GIT_DISCOVERY_ACROSS_FILESYSTEM not set).
2025-12-20 12:00:15.449 [info] [Model][doInitialScan] Initial repository scan completed - repositories (0), closed repositories (0), parent repositories (0), unsafe repositories (0)
2025-12-20 12:00:15.449 [info] > git rev-parse --show-toplevel [1ms]
2025-12-20 12:00:15.449 [info] fatal: not a git repository (or any parent up to mount point /)
Stopping at filesystem boundary (GIT_DISCOVERY_ACROSS_FILESYSTEM not set).
2025-12-20 12:00:15.571 [info] > git rev-parse --show-toplevel [2ms]
2025-12-20 12:00:15.571 [info] fatal: not a git repository (or any parent up to mount point /)
Stopping at filesystem boundary (GIT_DISCOVERY_ACROSS_FILESYSTEM not set).
2025-12-20 12:00:15.592 [info] > git rev-parse --show-toplevel [1ms]
2025-12-20 12:00:15.592 [info] fatal: not a git repository (or any parent up to mount point /)
Stopping at filesystem boundary (GIT_DISCOVERY_ACROSS_FILESYSTEM not set).
2025-12-20 12:00:17.117 [info] > git rev-parse --show-toplevel [1ms]
2025-12-20 12:00:17.117 [info] fatal: not a git repository (or any parent up to mount point /)
Stopping at filesystem boundary (GIT_DISCOVERY_ACROSS_FILESYSTEM not set).
2025-12-20 12:00:23.202 [info] > git rev-parse --show-toplevel [2ms]
2025-12-20 12:00:23.202 [info] fatal: not a git repository (or any parent up to mount point /)
Stopping at filesystem boundary (GIT_DISCOVERY_ACROSS_FILESYSTEM not set).
2025-12-20 12:00:48.803 [info] > git rev-parse --show-toplevel [1ms]
2025-12-20 12:00:48.803 [info] fatal: not a git repository (or any parent up to mount point /)
Stopping at filesystem boundary (GIT_DISCOVERY_ACROSS_FILESYSTEM not set).
2025-12-20 12:00:51.139 [info] > git rev-parse --show-toplevel [1ms]
2025-12-20 12:00:51.139 [info] fatal: not a git repository (or any parent up to mount point /)
Stopping at filesystem boundary (GIT_DISCOVERY_ACROSS_FILESYSTEM not set).
2025-12-20 12:01:39.121 [info] > git rev-parse --show-toplevel [2ms]
2025-12-20 12:01:39.121 [info] fatal: not a git repository (or any parent up to mount point /)
Stopping at filesystem boundary (GIT_DISCOVERY_ACROSS_FILESYSTEM not set).
