[INFO 11:34:41 AM] miguelsolorio.symbols activated
[INFO 11:34:41 AM] 🤖 symbols.defaultAssociations changed, updating to true
[INFO 11:34:41 AM] 🤖 symbols.hidesExplorerArrows changed, updating to false
[INFO 11:34:41 AM] 🤖 symbols.folders.associations changed, updating to undefined
[INFO 11:34:41 AM] 🤖 symbols.files.associations changed, updating to undefined
[INFO 11:34:41 AM] 🤖 symbols.defaultAssociations changed, updating to true
[INFO 11:34:41 AM] 🤖 symbols.hidesExplorerArrows changed, updating to false
[INFO 11:34:41 AM] 🤖 symbols.folders.associations changed, updating to undefined
[INFO 11:34:41 AM] 🤖 symbols.files.associations changed, updating to undefined
[INFO 11:34:41 AM] 🤖 symbols.defaultAssociations changed, updating to true
[INFO 11:34:41 AM] 🤖 symbols.hidesExplorerArrows changed, updating to false
[INFO 11:34:41 AM] 🤖 symbols.folders.associations changed, updating to undefined
[INFO 11:34:41 AM] 🤖 symbols.files.associations changed, updating to undefined
[INFO 11:34:43 AM] 🤖 symbols.defaultAssociations changed, updating to true
[INFO 11:34:43 AM] 🤖 symbols.hidesExplorerArrows changed, updating to false
[INFO 11:34:43 AM] 🤖 symbols.folders.associations changed, updating to undefined
[INFO 11:34:43 AM] 🤖 symbols.files.associations changed, updating to undefined
[INFO 11:35:06 AM] 🤖 symbols.defaultAssociations changed, updating to true
[INFO 11:35:06 AM] 🤖 symbols.hidesExplorerArrows changed, updating to false
[INFO 11:35:06 AM] 🤖 symbols.folders.associations changed, updating to undefined
[INFO 11:35:06 AM] 🤖 symbols.files.associations changed, updating to undefined
