2025-12-20 11:10:38.443 [info] [main] Log level: Info
2025-12-20 11:10:38.443 [info] [main] Validating found git in: "git"
2025-12-20 11:10:38.443 [info] [main] Using git "2.52.0" from "git"
2025-12-20 11:10:38.443 [info] [Model][doInitialScan] Initial repository scan started
2025-12-20 11:10:38.443 [info] > git rev-parse --show-toplevel [7ms]
2025-12-20 11:10:38.443 [info] fatal: not a git repository (or any parent up to mount point /)
Stopping at filesystem boundary (GIT_DISCOVERY_ACROSS_FILESYSTEM not set).
2025-12-20 11:10:38.443 [info] > git rev-parse --show-toplevel [3ms]
2025-12-20 11:10:38.443 [info] fatal: not a git repository (or any parent up to mount point /)
Stopping at filesystem boundary (GIT_DISCOVERY_ACROSS_FILESYSTEM not set).
2025-12-20 11:10:38.443 [info] [Model][doInitialScan] Initial repository scan completed - repositories (0), closed repositories (0), parent repositories (0), unsafe repositories (0)
2025-12-20 11:10:38.443 [info] > git rev-parse --show-toplevel [1ms]
2025-12-20 11:10:38.443 [info] fatal: not a git repository (or any parent up to mount point /)
Stopping at filesystem boundary (GIT_DISCOVERY_ACROSS_FILESYSTEM not set).
2025-12-20 11:10:38.521 [info] > git rev-parse --show-toplevel [1ms]
2025-12-20 11:10:38.521 [info] fatal: not a git repository (or any parent up to mount point /)
Stopping at filesystem boundary (GIT_DISCOVERY_ACROSS_FILESYSTEM not set).
2025-12-20 11:10:38.622 [info] > git rev-parse --show-toplevel [1ms]
2025-12-20 11:10:38.622 [info] fatal: not a git repository (or any parent up to mount point /)
Stopping at filesystem boundary (GIT_DISCOVERY_ACROSS_FILESYSTEM not set).
2025-12-20 11:10:38.671 [info] > git rev-parse --show-toplevel [1ms]
2025-12-20 11:10:38.671 [info] fatal: not a git repository (or any parent up to mount point /)
Stopping at filesystem boundary (GIT_DISCOVERY_ACROSS_FILESYSTEM not set).
2025-12-20 11:10:40.161 [info] > git rev-parse --show-toplevel [2ms]
2025-12-20 11:10:40.161 [info] fatal: not a git repository (or any parent up to mount point /)
Stopping at filesystem boundary (GIT_DISCOVERY_ACROSS_FILESYSTEM not set).
2025-12-20 11:11:01.034 [info] > git rev-parse --show-toplevel [35ms]
2025-12-20 11:11:01.034 [info] fatal: not a git repository (or any parent up to mount point /)
Stopping at filesystem boundary (GIT_DISCOVERY_ACROSS_FILESYSTEM not set).
2025-12-20 11:11:07.686 [info] > git rev-parse --show-toplevel [2ms]
2025-12-20 11:11:07.686 [info] fatal: not a git repository (or any parent up to mount point /)
Stopping at filesystem boundary (GIT_DISCOVERY_ACROSS_FILESYSTEM not set).
2025-12-20 11:11:19.903 [info] > git rev-parse --show-toplevel [2ms]
2025-12-20 11:11:19.903 [info] fatal: not a git repository (or any parent up to mount point /)
Stopping at filesystem boundary (GIT_DISCOVERY_ACROSS_FILESYSTEM not set).
2025-12-20 11:11:21.141 [info] > git rev-parse --show-toplevel [1ms]
2025-12-20 11:11:21.141 [info] fatal: not a git repository (or any parent up to mount point /)
Stopping at filesystem boundary (GIT_DISCOVERY_ACROSS_FILESYSTEM not set).
2025-12-20 11:11:24.192 [info] > git rev-parse --show-toplevel [2ms]
2025-12-20 11:11:24.192 [info] fatal: not a git repository (or any parent up to mount point /)
Stopping at filesystem boundary (GIT_DISCOVERY_ACROSS_FILESYSTEM not set).
2025-12-20 11:11:24.765 [info] > git rev-parse --show-toplevel [1ms]
2025-12-20 11:11:24.765 [info] fatal: not a git repository (or any parent up to mount point /)
Stopping at filesystem boundary (GIT_DISCOVERY_ACROSS_FILESYSTEM not set).
