2025-12-23 14:35:58.904 [info] [main] Log level: Info
2025-12-23 14:35:58.904 [info] [main] Validating found git in: "git"
2025-12-23 14:35:58.904 [info] [main] Using git "2.52.0" from "git"
2025-12-23 14:35:58.905 [info] [Model][doInitialScan] Initial repository scan started
2025-12-23 14:35:58.905 [info] > git rev-parse --show-toplevel [6ms]
2025-12-23 14:35:58.905 [info] fatal: not a git repository (or any parent up to mount point /)
Stopping at filesystem boundary (GIT_DISCOVERY_ACROSS_FILESYSTEM not set).
2025-12-23 14:35:58.905 [info] > git rev-parse --show-toplevel [2ms]
2025-12-23 14:35:58.905 [info] fatal: not a git repository (or any parent up to mount point /)
Stopping at filesystem boundary (GIT_DISCOVERY_ACROSS_FILESYSTEM not set).
2025-12-23 14:35:58.905 [info] > git rev-parse --show-toplevel [1ms]
2025-12-23 14:35:58.905 [info] fatal: not a git repository (or any parent up to mount point /)
Stopping at filesystem boundary (GIT_DISCOVERY_ACROSS_FILESYSTEM not set).
2025-12-23 14:35:58.905 [info] > git rev-parse --show-toplevel [1ms]
2025-12-23 14:35:58.905 [info] fatal: not a git repository (or any parent up to mount point /)
Stopping at filesystem boundary (GIT_DISCOVERY_ACROSS_FILESYSTEM not set).
2025-12-23 14:35:58.905 [info] > git rev-parse --show-toplevel [1ms]
2025-12-23 14:35:58.905 [info] fatal: not a git repository (or any parent up to mount point /)
Stopping at filesystem boundary (GIT_DISCOVERY_ACROSS_FILESYSTEM not set).
2025-12-23 14:35:58.905 [info] [Model][doInitialScan] Initial repository scan completed - repositories (0), closed repositories (0), parent repositories (0), unsafe repositories (0)
2025-12-23 14:35:59.011 [info] > git rev-parse --show-toplevel [22ms]
2025-12-23 14:35:59.011 [info] fatal: not a git repository (or any parent up to mount point /)
Stopping at filesystem boundary (GIT_DISCOVERY_ACROSS_FILESYSTEM not set).
2025-12-23 14:35:59.016 [info] > git rev-parse --show-toplevel [1ms]
2025-12-23 14:35:59.016 [info] fatal: not a git repository (or any parent up to mount point /)
Stopping at filesystem boundary (GIT_DISCOVERY_ACROSS_FILESYSTEM not set).
2025-12-23 14:35:59.124 [info] > git rev-parse --show-toplevel [1ms]
2025-12-23 14:35:59.124 [info] fatal: not a git repository (or any parent up to mount point /)
Stopping at filesystem boundary (GIT_DISCOVERY_ACROSS_FILESYSTEM not set).
2025-12-23 14:35:59.129 [info] > git rev-parse --show-toplevel [1ms]
2025-12-23 14:35:59.129 [info] fatal: not a git repository (or any parent up to mount point /)
Stopping at filesystem boundary (GIT_DISCOVERY_ACROSS_FILESYSTEM not set).
2025-12-23 14:35:59.164 [info] > git rev-parse --show-toplevel [1ms]
2025-12-23 14:35:59.164 [info] fatal: not a git repository (or any parent up to mount point /)
Stopping at filesystem boundary (GIT_DISCOVERY_ACROSS_FILESYSTEM not set).
2025-12-23 14:35:59.169 [info] > git rev-parse --show-toplevel [1ms]
2025-12-23 14:35:59.169 [info] fatal: not a git repository (or any parent up to mount point /)
Stopping at filesystem boundary (GIT_DISCOVERY_ACROSS_FILESYSTEM not set).
2025-12-23 14:36:00.556 [info] > git rev-parse --show-toplevel [1ms]
2025-12-23 14:36:00.556 [info] fatal: not a git repository (or any parent up to mount point /)
Stopping at filesystem boundary (GIT_DISCOVERY_ACROSS_FILESYSTEM not set).
2025-12-23 14:36:00.560 [info] > git rev-parse --show-toplevel [0ms]
2025-12-23 14:36:00.560 [info] fatal: not a git repository (or any parent up to mount point /)
Stopping at filesystem boundary (GIT_DISCOVERY_ACROSS_FILESYSTEM not set).
2025-12-23 14:36:02.572 [info] > git rev-parse --show-toplevel [1ms]
2025-12-23 14:36:02.572 [info] fatal: not a git repository (or any parent up to mount point /)
Stopping at filesystem boundary (GIT_DISCOVERY_ACROSS_FILESYSTEM not set).
2025-12-23 14:36:03.023 [info] > git rev-parse --show-toplevel [1ms]
2025-12-23 14:36:03.023 [info] fatal: not a git repository (or any parent up to mount point /)
Stopping at filesystem boundary (GIT_DISCOVERY_ACROSS_FILESYSTEM not set).
2025-12-23 14:36:03.985 [info] > git rev-parse --show-toplevel [1ms]
2025-12-23 14:36:03.985 [info] fatal: not a git repository (or any parent up to mount point /)
Stopping at filesystem boundary (GIT_DISCOVERY_ACROSS_FILESYSTEM not set).
2025-12-23 14:36:04.914 [info] > git rev-parse --show-toplevel [2ms]
2025-12-23 14:36:04.914 [info] fatal: not a git repository (or any parent up to mount point /)
Stopping at filesystem boundary (GIT_DISCOVERY_ACROSS_FILESYSTEM not set).
