2025-12-20 11:30:37.739 [info] [main] Log level: Info
2025-12-20 11:30:37.739 [info] [main] Validating found git in: "git"
2025-12-20 11:30:37.739 [info] [main] Using git "2.52.0" from "git"
2025-12-20 11:30:37.739 [info] [Model][doInitialScan] Initial repository scan started
2025-12-20 11:30:37.739 [info] > git rev-parse --show-toplevel [13ms]
2025-12-20 11:30:37.739 [info] fatal: not a git repository (or any parent up to mount point /)
Stopping at filesystem boundary (GIT_DISCOVERY_ACROSS_FILESYSTEM not set).
2025-12-20 11:30:37.739 [info] > git rev-parse --show-toplevel [1ms]
2025-12-20 11:30:37.739 [info] fatal: not a git repository (or any parent up to mount point /)
Stopping at filesystem boundary (GIT_DISCOVERY_ACROSS_FILESYSTEM not set).
2025-12-20 11:30:37.739 [info] [Model][doInitialScan] Initial repository scan completed - repositories (0), closed repositories (0), parent repositories (0), unsafe repositories (0)
2025-12-20 11:30:37.837 [info] > git rev-parse --show-toplevel [8ms]
2025-12-20 11:30:37.837 [info] fatal: not a git repository (or any parent up to mount point /)
Stopping at filesystem boundary (GIT_DISCOVERY_ACROSS_FILESYSTEM not set).
2025-12-20 11:30:37.842 [info] > git rev-parse --show-toplevel [2ms]
2025-12-20 11:30:37.842 [info] fatal: not a git repository (or any parent up to mount point /)
Stopping at filesystem boundary (GIT_DISCOVERY_ACROSS_FILESYSTEM not set).
2025-12-20 11:30:37.945 [info] > git rev-parse --show-toplevel [1ms]
2025-12-20 11:30:37.945 [info] fatal: not a git repository (or any parent up to mount point /)
Stopping at filesystem boundary (GIT_DISCOVERY_ACROSS_FILESYSTEM not set).
2025-12-20 11:30:37.983 [info] > git rev-parse --show-toplevel [1ms]
2025-12-20 11:30:37.983 [info] fatal: not a git repository (or any parent up to mount point /)
Stopping at filesystem boundary (GIT_DISCOVERY_ACROSS_FILESYSTEM not set).
2025-12-20 11:30:39.541 [info] > git rev-parse --show-toplevel [1ms]
2025-12-20 11:30:39.541 [info] fatal: not a git repository (or any parent up to mount point /)
Stopping at filesystem boundary (GIT_DISCOVERY_ACROSS_FILESYSTEM not set).
2025-12-20 11:33:37.622 [info] > git rev-parse --show-toplevel [1ms]
2025-12-20 11:33:37.622 [info] fatal: not a git repository (or any parent up to mount point /)
Stopping at filesystem boundary (GIT_DISCOVERY_ACROSS_FILESYSTEM not set).
