2025-12-20 11:34:00.272 [info] [main] Log level: Info
2025-12-20 11:34:00.272 [info] [main] Validating found git in: "git"
2025-12-20 11:34:00.272 [info] [main] Using git "2.52.0" from "git"
2025-12-20 11:34:00.272 [info] [Model][doInitialScan] Initial repository scan started
2025-12-20 11:34:00.272 [info] [Model][doInitialScan] Initial repository scan completed - repositories (0), closed repositories (0), parent repositories (0), unsafe repositories (0)
2025-12-20 11:34:41.324 [info] [main] Log level: Info
2025-12-20 11:34:41.324 [info] [main] Validating found git in: "git"
2025-12-20 11:34:41.324 [info] [main] Using git "2.52.0" from "git"
2025-12-20 11:34:41.324 [info] [Model][doInitialScan] Initial repository scan started
2025-12-20 11:34:41.324 [info] > git rev-parse --show-toplevel [9ms]
2025-12-20 11:34:41.324 [info] fatal: not a git repository (or any parent up to mount point /)
Stopping at filesystem boundary (GIT_DISCOVERY_ACROSS_FILESYSTEM not set).
2025-12-20 11:34:41.324 [info] [Model][doInitialScan] Initial repository scan completed - repositories (0), closed repositories (0), parent repositories (0), unsafe repositories (0)
2025-12-20 11:34:41.325 [info] > git rev-parse --show-toplevel [10ms]
2025-12-20 11:34:41.325 [info] fatal: not a git repository (or any parent up to mount point /)
Stopping at filesystem boundary (GIT_DISCOVERY_ACROSS_FILESYSTEM not set).
2025-12-20 11:34:41.492 [info] > git rev-parse --show-toplevel [1ms]
2025-12-20 11:34:41.492 [info] fatal: not a git repository (or any parent up to mount point /)
Stopping at filesystem boundary (GIT_DISCOVERY_ACROSS_FILESYSTEM not set).
2025-12-20 11:34:41.532 [info] > git rev-parse --show-toplevel [1ms]
2025-12-20 11:34:41.532 [info] fatal: not a git repository (or any parent up to mount point /)
Stopping at filesystem boundary (GIT_DISCOVERY_ACROSS_FILESYSTEM not set).
2025-12-20 11:34:43.040 [info] > git rev-parse --show-toplevel [2ms]
2025-12-20 11:34:43.040 [info] fatal: not a git repository (or any parent up to mount point /)
Stopping at filesystem boundary (GIT_DISCOVERY_ACROSS_FILESYSTEM not set).
2025-12-20 11:34:49.787 [info] > git rev-parse --show-toplevel [2ms]
2025-12-20 11:34:49.787 [info] fatal: not a git repository (or any parent up to mount point /)
Stopping at filesystem boundary (GIT_DISCOVERY_ACROSS_FILESYSTEM not set).
2025-12-20 11:35:06.241 [info] > git rev-parse --show-toplevel [1ms]
2025-12-20 11:35:06.241 [info] fatal: not a git repository (or any parent up to mount point /)
Stopping at filesystem boundary (GIT_DISCOVERY_ACROSS_FILESYSTEM not set).
2025-12-20 11:35:07.232 [info] > git rev-parse --show-toplevel [1ms]
2025-12-20 11:35:07.232 [info] fatal: not a git repository (or any parent up to mount point /)
Stopping at filesystem boundary (GIT_DISCOVERY_ACROSS_FILESYSTEM not set).
