[INFO 11:30:37 AM] miguelsolorio.symbols activated
[INFO 11:30:37 AM] 🤖 symbols.defaultAssociations changed, updating to true
[INFO 11:30:37 AM] 🤖 symbols.hidesExplorerArrows changed, updating to false
[INFO 11:30:37 AM] 🤖 symbols.folders.associations changed, updating to undefined
[INFO 11:30:37 AM] 🤖 symbols.files.associations changed, updating to undefined
[INFO 11:30:37 AM] 🤖 symbols.defaultAssociations changed, updating to true
[INFO 11:30:37 AM] 🤖 symbols.hidesExplorerArrows changed, updating to false
[INFO 11:30:37 AM] 🤖 symbols.folders.associations changed, updating to undefined
[INFO 11:30:37 AM] 🤖 symbols.files.associations changed, updating to undefined
[INFO 11:30:37 AM] 🤖 symbols.defaultAssociations changed, updating to true
[INFO 11:30:37 AM] 🤖 symbols.hidesExplorerArrows changed, updating to false
[INFO 11:30:37 AM] 🤖 symbols.folders.associations changed, updating to undefined
[INFO 11:30:37 AM] 🤖 symbols.files.associations changed, updating to undefined
[INFO 11:30:37 AM] 🤖 symbols.defaultAssociations changed, updating to true
[INFO 11:30:37 AM] 🤖 symbols.hidesExplorerArrows changed, updating to false
[INFO 11:30:37 AM] 🤖 symbols.folders.associations changed, updating to undefined
[INFO 11:30:37 AM] 🤖 symbols.files.associations changed, updating to undefined
[INFO 11:30:39 AM] 🤖 symbols.defaultAssociations changed, updating to true
[INFO 11:30:39 AM] 🤖 symbols.hidesExplorerArrows changed, updating to false
[INFO 11:30:39 AM] 🤖 symbols.folders.associations changed, updating to undefined
[INFO 11:30:39 AM] 🤖 symbols.files.associations changed, updating to undefined
[INFO 11:33:37 AM] 🤖 symbols.defaultAssociations changed, updating to true
[INFO 11:33:37 AM] 🤖 symbols.hidesExplorerArrows changed, updating to false
[INFO 11:33:37 AM] 🤖 symbols.folders.associations changed, updating to undefined
[INFO 11:33:37 AM] 🤖 symbols.files.associations changed, updating to undefined
